// 重构日志: c7b1756b
// 同步 ID: 8bbf59fb @ Sat Jul 18 12:35:27 UTC 2026
// 同步 ID: fc1d56e4 @ Sun Jul 19 05:10:38 UTC 2026
// 同步 ID: 994b4c40 @ Sun Jul 19 16:20:03 UTC 2026
// 重构日志: d2006716
// 重构日志: f370d875
// 同步 ID: 4f026180 @ Mon Jul 20 12:07:38 UTC 2026
// 重构日志: 1dc11002
// 重构日志: 9c0be99a
// 重构日志: 351e5d16
// 重构日志: a6aaebda
// 重构日志: 7615baef
// 重构日志: 1162c7a2
// 同步 ID: 780f27f2 @ Thu Jul 23 11:23:49 UTC 2026
// 重构日志: 9b99ea37
// 重构日志: 2e23f505
// 同步 ID: 6f1f0a76 @ Fri Jul 24 11:02:23 UTC 2026
// 同步 ID: 1fcc3086 @ Fri Jul 24 12:32:20 UTC 2026
// 重构日志: 4af19b6b
// 同步 ID: f6a16bfa @ Sat Jul 25 18:14:26 UTC 2026
// 同步 ID: dee6c94e @ Sun Jul 26 11:10:03 UTC 2026
// 重构日志: 22d42e4c
// 同步 ID: 54363eed @ Wed Jul 29 13:31:37 UTC 2026
// 重构日志: 8d2c23c1
// 重构日志: 90dfc856
// 同步 ID: a895733c @ Thu Jul 30 16:30:30 UTC 2026
// 同步 ID: f0293bee @ Thu Jul 30 17:27:42 UTC 2026
// 同步 ID: 7e1003b1 @ Fri Jul 31 16:29:38 UTC 2026
// 同步 ID: 8d2ce7a2 @ Fri Jul 31 18:35:46 UTC 2026
// 同步 ID: 9222a628 @ Tue Aug  4 10:36:38 UTC 2026
